// Jest Snapshot v1, https://goo.gl/fbAQLP

exports[`ArtistCard renders component itself correctly 1`] = `
ShallowWrapper {
  "length": 1,
  Symbol(enzyme.__root__): [Circular],
  Symbol(enzyme.__unrendered__): <ArtistCard
    detailsInfo={
      Array [
        "name",
        "family",
      ]
    }
    id="3"
    image="https://s3.amazonaws.com/bit-photos/large/8518614.jpeg"
    showClose={false}
  />,
  Symbol(enzyme.__renderer__): Object {
    "batchedUpdates": [Function],
    "getNode": [Function],
    "render": [Function],
    "simulateEvent": [Function],
    "unmount": [Function],
  },
  Symbol(enzyme.__node__): Object {
    "instance": null,
    "key": undefined,
    "nodeType": "host",
    "props": Object {
      "children": Array [
        false,
        <div
          className="css-lzlku5-artistImage"
        >
          <a
            target="_blank"
          >
            <img
              src="https://s3.amazonaws.com/bit-photos/large/8518614.jpeg"
            />
          </a>
        </div>,
        <div
          className="css-1ww3bib-artistDetails"
        >
          <span>
            <strong />
          </span>
          <span>
            name
          </span>
          <span>
            family
          </span>
        </div>,
      ],
      "className": "css-dbjyky-artistRoot",
      "id": "artist-card",
    },
    "ref": null,
    "rendered": Array [
      false,
      Object {
        "instance": null,
        "key": undefined,
        "nodeType": "host",
        "props": Object {
          "children": <a
            target="_blank"
          >
            <img
              src="https://s3.amazonaws.com/bit-photos/large/8518614.jpeg"
            />
          </a>,
          "className": "css-lzlku5-artistImage",
        },
        "ref": null,
        "rendered": Object {
          "instance": null,
          "key": undefined,
          "nodeType": "host",
          "props": Object {
            "children": <img
              src="https://s3.amazonaws.com/bit-photos/large/8518614.jpeg"
            />,
            "href": undefined,
            "target": "_blank",
          },
          "ref": null,
          "rendered": Object {
            "instance": null,
            "key": undefined,
            "nodeType": "host",
            "props": Object {
              "alt": undefined,
              "src": "https://s3.amazonaws.com/bit-photos/large/8518614.jpeg",
            },
            "ref": null,
            "rendered": null,
            "type": "img",
          },
          "type": "a",
        },
        "type": "div",
      },
      Object {
        "instance": null,
        "key": undefined,
        "nodeType": "host",
        "props": Object {
          "children": Array [
            <span>
              <strong />
            </span>,
            Array [
              <span>
                name
              </span>,
              <span>
                family
              </span>,
            ],
          ],
          "className": "css-1ww3bib-artistDetails",
        },
        "ref": null,
        "rendered": Array [
          Object {
            "instance": null,
            "key": undefined,
            "nodeType": "host",
            "props": Object {
              "children": <strong />,
            },
            "ref": null,
            "rendered": Object {
              "instance": null,
              "key": undefined,
              "nodeType": "host",
              "props": Object {
                "children": undefined,
              },
              "ref": null,
              "rendered": null,
              "type": "strong",
            },
            "type": "span",
          },
          Object {
            "instance": null,
            "key": "detailsInfo-0",
            "nodeType": "host",
            "props": Object {
              "children": "name",
            },
            "ref": null,
            "rendered": "name",
            "type": "span",
          },
          Object {
            "instance": null,
            "key": "detailsInfo-1",
            "nodeType": "host",
            "props": Object {
              "children": "family",
            },
            "ref": null,
            "rendered": "family",
            "type": "span",
          },
        ],
        "type": "div",
      },
    ],
    "type": "div",
  },
  Symbol(enzyme.__nodes__): Array [
    Object {
      "instance": null,
      "key": undefined,
      "nodeType": "host",
      "props": Object {
        "children": Array [
          false,
          <div
            className="css-lzlku5-artistImage"
          >
            <a
              target="_blank"
            >
              <img
                src="https://s3.amazonaws.com/bit-photos/large/8518614.jpeg"
              />
            </a>
          </div>,
          <div
            className="css-1ww3bib-artistDetails"
          >
            <span>
              <strong />
            </span>
            <span>
              name
            </span>
            <span>
              family
            </span>
          </div>,
        ],
        "className": "css-dbjyky-artistRoot",
        "id": "artist-card",
      },
      "ref": null,
      "rendered": Array [
        false,
        Object {
          "instance": null,
          "key": undefined,
          "nodeType": "host",
          "props": Object {
            "children": <a
              target="_blank"
            >
              <img
                src="https://s3.amazonaws.com/bit-photos/large/8518614.jpeg"
              />
            </a>,
            "className": "css-lzlku5-artistImage",
          },
          "ref": null,
          "rendered": Object {
            "instance": null,
            "key": undefined,
            "nodeType": "host",
            "props": Object {
              "children": <img
                src="https://s3.amazonaws.com/bit-photos/large/8518614.jpeg"
              />,
              "href": undefined,
              "target": "_blank",
            },
            "ref": null,
            "rendered": Object {
              "instance": null,
              "key": undefined,
              "nodeType": "host",
              "props": Object {
                "alt": undefined,
                "src": "https://s3.amazonaws.com/bit-photos/large/8518614.jpeg",
              },
              "ref": null,
              "rendered": null,
              "type": "img",
            },
            "type": "a",
          },
          "type": "div",
        },
        Object {
          "instance": null,
          "key": undefined,
          "nodeType": "host",
          "props": Object {
            "children": Array [
              <span>
                <strong />
              </span>,
              Array [
                <span>
                  name
                </span>,
                <span>
                  family
                </span>,
              ],
            ],
            "className": "css-1ww3bib-artistDetails",
          },
          "ref": null,
          "rendered": Array [
            Object {
              "instance": null,
              "key": undefined,
              "nodeType": "host",
              "props": Object {
                "children": <strong />,
              },
              "ref": null,
              "rendered": Object {
                "instance": null,
                "key": undefined,
                "nodeType": "host",
                "props": Object {
                  "children": undefined,
                },
                "ref": null,
                "rendered": null,
                "type": "strong",
              },
              "type": "span",
            },
            Object {
              "instance": null,
              "key": "detailsInfo-0",
              "nodeType": "host",
              "props": Object {
                "children": "name",
              },
              "ref": null,
              "rendered": "name",
              "type": "span",
            },
            Object {
              "instance": null,
              "key": "detailsInfo-1",
              "nodeType": "host",
              "props": Object {
                "children": "family",
              },
              "ref": null,
              "rendered": "family",
              "type": "span",
            },
          ],
          "type": "div",
        },
      ],
      "type": "div",
    },
  ],
  Symbol(enzyme.__options__): Object {
    "adapter": ReactSixteenAdapter {
      "options": Object {
        "enableComponentDidUpdateOnSetState": true,
      },
    },
  },
}
`;
