// Jest Snapshot v1, https://goo.gl/fbAQLP

exports[`EventCard renders component itself correctly 1`] = `
ShallowWrapper {
  "length": 1,
  Symbol(enzyme.__root__): [Circular],
  Symbol(enzyme.__unrendered__): <EventCard
    city="Tehran"
    country="Iran"
    date="1-1-2018"
  />,
  Symbol(enzyme.__renderer__): Object {
    "batchedUpdates": [Function],
    "getNode": [Function],
    "render": [Function],
    "simulateEvent": [Function],
    "unmount": [Function],
  },
  Symbol(enzyme.__node__): Object {
    "instance": null,
    "key": undefined,
    "nodeType": "host",
    "props": Object {
      "children": Array [
        <span
          className="css-q8zcde-eventText"
        >
          <strong>
            Iran
          </strong>
        </span>,
        <span
          className="css-q8zcde-eventText"
        >
          Tehran
        </span>,
        <span
          className="css-q8zcde-eventText"
        >
          1-1-2018
        </span>,
        <span
          className="css-bu8z06-eventLink"
        >
          Save
        </span>,
        <a
          className="css-bu8z06-eventLink"
          target="_blank"
        >
          Book
        </a>,
      ],
      "className": "css-f67bwj-event-root",
    },
    "ref": null,
    "rendered": Array [
      Object {
        "instance": null,
        "key": undefined,
        "nodeType": "host",
        "props": Object {
          "children": <strong>
            Iran
          </strong>,
          "className": "css-q8zcde-eventText",
        },
        "ref": null,
        "rendered": Object {
          "instance": null,
          "key": undefined,
          "nodeType": "host",
          "props": Object {
            "children": "Iran",
          },
          "ref": null,
          "rendered": "Iran",
          "type": "strong",
        },
        "type": "span",
      },
      Object {
        "instance": null,
        "key": undefined,
        "nodeType": "host",
        "props": Object {
          "children": "Tehran",
          "className": "css-q8zcde-eventText",
        },
        "ref": null,
        "rendered": "Tehran",
        "type": "span",
      },
      Object {
        "instance": null,
        "key": undefined,
        "nodeType": "host",
        "props": Object {
          "children": "1-1-2018",
          "className": "css-q8zcde-eventText",
        },
        "ref": null,
        "rendered": "1-1-2018",
        "type": "span",
      },
      Object {
        "instance": null,
        "key": undefined,
        "nodeType": "host",
        "props": Object {
          "children": "Save",
          "className": "css-bu8z06-eventLink",
          "onClick": undefined,
        },
        "ref": null,
        "rendered": "Save",
        "type": "span",
      },
      Object {
        "instance": null,
        "key": undefined,
        "nodeType": "host",
        "props": Object {
          "children": "Book",
          "className": "css-bu8z06-eventLink",
          "href": undefined,
          "target": "_blank",
        },
        "ref": null,
        "rendered": "Book",
        "type": "a",
      },
    ],
    "type": "div",
  },
  Symbol(enzyme.__nodes__): Array [
    Object {
      "instance": null,
      "key": undefined,
      "nodeType": "host",
      "props": Object {
        "children": Array [
          <span
            className="css-q8zcde-eventText"
          >
            <strong>
              Iran
            </strong>
          </span>,
          <span
            className="css-q8zcde-eventText"
          >
            Tehran
          </span>,
          <span
            className="css-q8zcde-eventText"
          >
            1-1-2018
          </span>,
          <span
            className="css-bu8z06-eventLink"
          >
            Save
          </span>,
          <a
            className="css-bu8z06-eventLink"
            target="_blank"
          >
            Book
          </a>,
        ],
        "className": "css-f67bwj-event-root",
      },
      "ref": null,
      "rendered": Array [
        Object {
          "instance": null,
          "key": undefined,
          "nodeType": "host",
          "props": Object {
            "children": <strong>
              Iran
            </strong>,
            "className": "css-q8zcde-eventText",
          },
          "ref": null,
          "rendered": Object {
            "instance": null,
            "key": undefined,
            "nodeType": "host",
            "props": Object {
              "children": "Iran",
            },
            "ref": null,
            "rendered": "Iran",
            "type": "strong",
          },
          "type": "span",
        },
        Object {
          "instance": null,
          "key": undefined,
          "nodeType": "host",
          "props": Object {
            "children": "Tehran",
            "className": "css-q8zcde-eventText",
          },
          "ref": null,
          "rendered": "Tehran",
          "type": "span",
        },
        Object {
          "instance": null,
          "key": undefined,
          "nodeType": "host",
          "props": Object {
            "children": "1-1-2018",
            "className": "css-q8zcde-eventText",
          },
          "ref": null,
          "rendered": "1-1-2018",
          "type": "span",
        },
        Object {
          "instance": null,
          "key": undefined,
          "nodeType": "host",
          "props": Object {
            "children": "Save",
            "className": "css-bu8z06-eventLink",
            "onClick": undefined,
          },
          "ref": null,
          "rendered": "Save",
          "type": "span",
        },
        Object {
          "instance": null,
          "key": undefined,
          "nodeType": "host",
          "props": Object {
            "children": "Book",
            "className": "css-bu8z06-eventLink",
            "href": undefined,
            "target": "_blank",
          },
          "ref": null,
          "rendered": "Book",
          "type": "a",
        },
      ],
      "type": "div",
    },
  ],
  Symbol(enzyme.__options__): Object {
    "adapter": ReactSixteenAdapter {
      "options": Object {
        "enableComponentDidUpdateOnSetState": true,
      },
    },
  },
}
`;
