// Jest Snapshot v1, https://goo.gl/fbAQLP

exports[`Header renders component itself correctly 1`] = `
ShallowWrapper {
  "length": 1,
  Symbol(enzyme.__root__): [Circular],
  Symbol(enzyme.__unrendered__): <Header />,
  Symbol(enzyme.__renderer__): Object {
    "batchedUpdates": [Function],
    "getNode": [Function],
    "render": [Function],
    "simulateEvent": [Function],
    "unmount": [Function],
  },
  Symbol(enzyme.__node__): Object {
    "instance": null,
    "key": undefined,
    "nodeType": "host",
    "props": Object {
      "children": <nav
        className="css-1excjay-navigation"
      >
        <span
          className="css-eirv9e-logo"
        >
          Brandsintown search
        </span>
        <ul>
          <li
            className="css-10t90bd-listItem"
          >
            <NavLink
              activeClassName="css-thlpwr"
              ariaCurrent="true"
              className="css-xr45i9-link"
              exact={true}
              to="/"
            >
              <span>
                Search
              </span>
            </NavLink>
          </li>
          <li
            className="css-10t90bd-listItem"
          >
            <NavLink
              activeClassName="css-thlpwr"
              ariaCurrent="true"
              className="css-xr45i9-link"
              to="/favorite"
            >
              <span>
                Favorites
              </span>
            </NavLink>
          </li>
        </ul>
      </nav>,
    },
    "ref": null,
    "rendered": Object {
      "instance": null,
      "key": undefined,
      "nodeType": "host",
      "props": Object {
        "children": Array [
          <span
            className="css-eirv9e-logo"
          >
            Brandsintown search
          </span>,
          <ul>
            <li
              className="css-10t90bd-listItem"
            >
              <NavLink
                activeClassName="css-thlpwr"
                ariaCurrent="true"
                className="css-xr45i9-link"
                exact={true}
                to="/"
              >
                <span>
                  Search
                </span>
              </NavLink>
            </li>
            <li
              className="css-10t90bd-listItem"
            >
              <NavLink
                activeClassName="css-thlpwr"
                ariaCurrent="true"
                className="css-xr45i9-link"
                to="/favorite"
              >
                <span>
                  Favorites
                </span>
              </NavLink>
            </li>
          </ul>,
        ],
        "className": "css-1excjay-navigation",
      },
      "ref": null,
      "rendered": Array [
        Object {
          "instance": null,
          "key": undefined,
          "nodeType": "host",
          "props": Object {
            "children": "Brandsintown search",
            "className": "css-eirv9e-logo",
          },
          "ref": null,
          "rendered": "Brandsintown search",
          "type": "span",
        },
        Object {
          "instance": null,
          "key": undefined,
          "nodeType": "host",
          "props": Object {
            "children": Array [
              <li
                className="css-10t90bd-listItem"
              >
                <NavLink
                  activeClassName="css-thlpwr"
                  ariaCurrent="true"
                  className="css-xr45i9-link"
                  exact={true}
                  to="/"
                >
                  <span>
                    Search
                  </span>
                </NavLink>
              </li>,
              <li
                className="css-10t90bd-listItem"
              >
                <NavLink
                  activeClassName="css-thlpwr"
                  ariaCurrent="true"
                  className="css-xr45i9-link"
                  to="/favorite"
                >
                  <span>
                    Favorites
                  </span>
                </NavLink>
              </li>,
            ],
          },
          "ref": null,
          "rendered": Array [
            Object {
              "instance": null,
              "key": undefined,
              "nodeType": "host",
              "props": Object {
                "children": <NavLink
                  activeClassName="css-thlpwr"
                  ariaCurrent="true"
                  className="css-xr45i9-link"
                  exact={true}
                  to="/"
                >
                  <span>
                    Search
                  </span>
                </NavLink>,
                "className": "css-10t90bd-listItem",
              },
              "ref": null,
              "rendered": Object {
                "instance": null,
                "key": undefined,
                "nodeType": "function",
                "props": Object {
                  "activeClassName": "css-thlpwr",
                  "ariaCurrent": "true",
                  "children": <span>
                    Search
                  </span>,
                  "className": "css-xr45i9-link",
                  "exact": true,
                  "to": "/",
                },
                "ref": null,
                "rendered": Object {
                  "instance": null,
                  "key": undefined,
                  "nodeType": "host",
                  "props": Object {
                    "children": "Search",
                  },
                  "ref": null,
                  "rendered": "Search",
                  "type": "span",
                },
                "type": [Function],
              },
              "type": "li",
            },
            Object {
              "instance": null,
              "key": undefined,
              "nodeType": "host",
              "props": Object {
                "children": <NavLink
                  activeClassName="css-thlpwr"
                  ariaCurrent="true"
                  className="css-xr45i9-link"
                  to="/favorite"
                >
                  <span>
                    Favorites
                  </span>
                </NavLink>,
                "className": "css-10t90bd-listItem",
              },
              "ref": null,
              "rendered": Object {
                "instance": null,
                "key": undefined,
                "nodeType": "function",
                "props": Object {
                  "activeClassName": "css-thlpwr",
                  "ariaCurrent": "true",
                  "children": <span>
                    Favorites
                  </span>,
                  "className": "css-xr45i9-link",
                  "to": "/favorite",
                },
                "ref": null,
                "rendered": Object {
                  "instance": null,
                  "key": undefined,
                  "nodeType": "host",
                  "props": Object {
                    "children": "Favorites",
                  },
                  "ref": null,
                  "rendered": "Favorites",
                  "type": "span",
                },
                "type": [Function],
              },
              "type": "li",
            },
          ],
          "type": "ul",
        },
      ],
      "type": "nav",
    },
    "type": "header",
  },
  Symbol(enzyme.__nodes__): Array [
    Object {
      "instance": null,
      "key": undefined,
      "nodeType": "host",
      "props": Object {
        "children": <nav
          className="css-1excjay-navigation"
        >
          <span
            className="css-eirv9e-logo"
          >
            Brandsintown search
          </span>
          <ul>
            <li
              className="css-10t90bd-listItem"
            >
              <NavLink
                activeClassName="css-thlpwr"
                ariaCurrent="true"
                className="css-xr45i9-link"
                exact={true}
                to="/"
              >
                <span>
                  Search
                </span>
              </NavLink>
            </li>
            <li
              className="css-10t90bd-listItem"
            >
              <NavLink
                activeClassName="css-thlpwr"
                ariaCurrent="true"
                className="css-xr45i9-link"
                to="/favorite"
              >
                <span>
                  Favorites
                </span>
              </NavLink>
            </li>
          </ul>
        </nav>,
      },
      "ref": null,
      "rendered": Object {
        "instance": null,
        "key": undefined,
        "nodeType": "host",
        "props": Object {
          "children": Array [
            <span
              className="css-eirv9e-logo"
            >
              Brandsintown search
            </span>,
            <ul>
              <li
                className="css-10t90bd-listItem"
              >
                <NavLink
                  activeClassName="css-thlpwr"
                  ariaCurrent="true"
                  className="css-xr45i9-link"
                  exact={true}
                  to="/"
                >
                  <span>
                    Search
                  </span>
                </NavLink>
              </li>
              <li
                className="css-10t90bd-listItem"
              >
                <NavLink
                  activeClassName="css-thlpwr"
                  ariaCurrent="true"
                  className="css-xr45i9-link"
                  to="/favorite"
                >
                  <span>
                    Favorites
                  </span>
                </NavLink>
              </li>
            </ul>,
          ],
          "className": "css-1excjay-navigation",
        },
        "ref": null,
        "rendered": Array [
          Object {
            "instance": null,
            "key": undefined,
            "nodeType": "host",
            "props": Object {
              "children": "Brandsintown search",
              "className": "css-eirv9e-logo",
            },
            "ref": null,
            "rendered": "Brandsintown search",
            "type": "span",
          },
          Object {
            "instance": null,
            "key": undefined,
            "nodeType": "host",
            "props": Object {
              "children": Array [
                <li
                  className="css-10t90bd-listItem"
                >
                  <NavLink
                    activeClassName="css-thlpwr"
                    ariaCurrent="true"
                    className="css-xr45i9-link"
                    exact={true}
                    to="/"
                  >
                    <span>
                      Search
                    </span>
                  </NavLink>
                </li>,
                <li
                  className="css-10t90bd-listItem"
                >
                  <NavLink
                    activeClassName="css-thlpwr"
                    ariaCurrent="true"
                    className="css-xr45i9-link"
                    to="/favorite"
                  >
                    <span>
                      Favorites
                    </span>
                  </NavLink>
                </li>,
              ],
            },
            "ref": null,
            "rendered": Array [
              Object {
                "instance": null,
                "key": undefined,
                "nodeType": "host",
                "props": Object {
                  "children": <NavLink
                    activeClassName="css-thlpwr"
                    ariaCurrent="true"
                    className="css-xr45i9-link"
                    exact={true}
                    to="/"
                  >
                    <span>
                      Search
                    </span>
                  </NavLink>,
                  "className": "css-10t90bd-listItem",
                },
                "ref": null,
                "rendered": Object {
                  "instance": null,
                  "key": undefined,
                  "nodeType": "function",
                  "props": Object {
                    "activeClassName": "css-thlpwr",
                    "ariaCurrent": "true",
                    "children": <span>
                      Search
                    </span>,
                    "className": "css-xr45i9-link",
                    "exact": true,
                    "to": "/",
                  },
                  "ref": null,
                  "rendered": Object {
                    "instance": null,
                    "key": undefined,
                    "nodeType": "host",
                    "props": Object {
                      "children": "Search",
                    },
                    "ref": null,
                    "rendered": "Search",
                    "type": "span",
                  },
                  "type": [Function],
                },
                "type": "li",
              },
              Object {
                "instance": null,
                "key": undefined,
                "nodeType": "host",
                "props": Object {
                  "children": <NavLink
                    activeClassName="css-thlpwr"
                    ariaCurrent="true"
                    className="css-xr45i9-link"
                    to="/favorite"
                  >
                    <span>
                      Favorites
                    </span>
                  </NavLink>,
                  "className": "css-10t90bd-listItem",
                },
                "ref": null,
                "rendered": Object {
                  "instance": null,
                  "key": undefined,
                  "nodeType": "function",
                  "props": Object {
                    "activeClassName": "css-thlpwr",
                    "ariaCurrent": "true",
                    "children": <span>
                      Favorites
                    </span>,
                    "className": "css-xr45i9-link",
                    "to": "/favorite",
                  },
                  "ref": null,
                  "rendered": Object {
                    "instance": null,
                    "key": undefined,
                    "nodeType": "host",
                    "props": Object {
                      "children": "Favorites",
                    },
                    "ref": null,
                    "rendered": "Favorites",
                    "type": "span",
                  },
                  "type": [Function],
                },
                "type": "li",
              },
            ],
            "type": "ul",
          },
        ],
        "type": "nav",
      },
      "type": "header",
    },
  ],
  Symbol(enzyme.__options__): Object {
    "adapter": ReactSixteenAdapter {
      "options": Object {
        "enableComponentDidUpdateOnSetState": true,
      },
    },
  },
}
`;
